{"ts": "2026-07-28T01:51:50.834+00:00", "level": "INFO", "logger": "apscheduler.scheduler", "message": "Adding job tentatively -- it will be properly scheduled when the scheduler starts"}
{"ts": "2026-07-28T01:51:50.867+00:00", "level": "INFO", "logger": "apscheduler.scheduler", "message": "Adding job tentatively -- it will be properly scheduled when the scheduler starts"}
{"ts": "2026-07-28T01:51:50.899+00:00", "level": "INFO", "logger": "apscheduler.scheduler", "message": "Adding job tentatively -- it will be properly scheduled when the scheduler starts"}
{"ts": "2026-07-28T01:51:50.908+00:00", "level": "INFO", "logger": "apscheduler.scheduler", "message": "Adding job tentatively -- it will be properly scheduled when the scheduler starts"}
{"ts": "2026-07-28T01:51:51.934+00:00", "level": "INFO", "logger": "apscheduler.scheduler", "message": "Added job \"_weekly_retrain\" to job store \"default\""}
{"ts": "2026-07-28T01:51:51.934+00:00", "level": "INFO", "logger": "apscheduler.scheduler", "message": "Added job \"_daily_anomaly_scan\" to job store \"default\""}
{"ts": "2026-07-28T01:51:51.934+00:00", "level": "INFO", "logger": "apscheduler.scheduler", "message": "Added job \"_nightly_insights_and_alerts\" to job store \"default\""}
{"ts": "2026-07-28T01:51:51.934+00:00", "level": "INFO", "logger": "apscheduler.scheduler", "message": "Added job \"_monthly_report\" to job store \"default\""}
{"ts": "2026-07-28T01:51:51.949+00:00", "level": "INFO", "logger": "apscheduler.scheduler", "message": "Scheduler started"}
{"ts": "2026-07-28T01:51:51.950+00:00", "level": "INFO", "logger": "app.workers.scheduler", "message": "scheduler started with 4 source job(s)"}
{"ts": "2026-07-28T01:52:33.733+00:00", "level": "INFO", "logger": "uvicorn.access", "message": "127.0.0.1:12481 - \"GET /api/v1/health HTTP/1.1\" 200"}
{"ts": "2026-07-28T01:53:38.662+00:00", "level": "INFO", "logger": "uvicorn.access", "message": "127.0.0.1:7217 - \"GET /api/v1/health HTTP/1.1\" 200"}
{"ts": "2026-07-28T01:53:56.438+00:00", "level": "INFO", "logger": "uvicorn.access", "message": "127.0.0.1:6223 - \"GET /api/v1/analytics/summary HTTP/1.1\" 404"}
{"ts": "2026-07-28T01:53:59.145+00:00", "level": "INFO", "logger": "uvicorn.access", "message": "127.0.0.1:4500 - \"POST /api/v1/auth/login HTTP/1.1\" 401"}
 {"ts": "2026-07-28T01:55:10.343+00:00", "level": "INFO", "logger": "uvicorn.access", "message": "127.0.0.1:4245 - \"POST /api/v1/auth/login HTTP/1.1\" 200"}
{"ts": "2026-07-28T01:55:12.650+00:00", "level": "INFO", "logger": "uvicorn.access", "message": "127.0.0.1:4247 - \"GET /api/v1/analytics/summary HTTP/1.1\" 404"}
{"ts": "2026-07-28T01:55:14.855+00:00", "level": "INFO", "logger": "uvicorn.access", "message": "127.0.0.1:4249 - \"GET /api/v1/analytics/kpi-cards HTTP/1.1\" 404"}
{"ts": "2026-07-28T01:55:17.066+00:00", "level": "INFO", "logger": "uvicorn.access", "message": "127.0.0.1:11937 - \"GET /api/v1/analytics/sales-forecast HTTP/1.1\" 404"}
{"ts": "2026-07-28T01:55:19.295+00:00", "level": "INFO", "logger": "uvicorn.access", "message": "127.0.0.1:7488 - \"GET /api/v1/analytics/anomalies HTTP/1.1\" 404"}
{"ts": "2026-07-28T01:55:21.914+00:00", "level": "INFO", "logger": "uvicorn.access", "message": "127.0.0.1:7490 - \"POST /api/v1/auth/login HTTP/1.1\" 200"}
{"ts": "2026-07-28T01:55:30.022+00:00", "level": "INFO", "logger": "uvicorn.access", "message": "127.0.0.1:1431 - \"POST /api/v1/auth/login HTTP/1.1\" 200"}
{"ts": "2026-07-28T01:55:32.432+00:00", "level": "INFO", "logger": "uvicorn.access", "message": "127.0.0.1:1433 - \"GET /openapi.json HTTP/1.1\" 200"}
{"ts": "2026-07-28T01:55:41.161+00:00", "level": "INFO", "logger": "uvicorn.access", "message": "127.0.0.1:5316 - \"POST /api/v1/auth/login HTTP/1.1\" 200"}
{"ts": "2026-07-28T01:55:44.024+00:00", "level": "INFO", "logger": "uvicorn.access", "message": "127.0.0.1:5318 - \"GET /api/v1/kpis/summary HTTP/1.1\" 200"}
{"ts": "2026-07-28T01:55:44.250+00:00", "level": "INFO", "logger": "apscheduler.scheduler", "message": "Scheduler has been shut down"}
 {"ts": "2026-07-28T01:55:48.767+00:00", "level": "INFO", "logger": "apscheduler.scheduler", "message": "Adding job tentatively -- it will be properly scheduled when the scheduler starts"}
{"ts": "2026-07-28T01:55:48.770+00:00", "level": "INFO", "logger": "apscheduler.scheduler", "message": "Adding job tentatively -- it will be properly scheduled when the scheduler starts"}
{"ts": "2026-07-28T01:55:48.770+00:00", "level": "INFO", "logger": "apscheduler.scheduler", "message": "Adding job tentatively -- it will be properly scheduled when the scheduler starts"}
{"ts": "2026-07-28T01:55:48.771+00:00", "level": "INFO", "logger": "apscheduler.scheduler", "message": "Adding job tentatively -- it will be properly scheduled when the scheduler starts"}
{"ts": "2026-07-28T01:55:49.616+00:00", "level": "INFO", "logger": "apscheduler.scheduler", "message": "Added job \"_weekly_retrain\" to job store \"default\""}
{"ts": "2026-07-28T01:55:49.618+00:00", "level": "INFO", "logger": "apscheduler.scheduler", "message": "Added job \"_daily_anomaly_scan\" to job store \"default\""}
{"ts": "2026-07-28T01:55:49.618+00:00", "level": "INFO", "logger": "apscheduler.scheduler", "message": "Added job \"_nightly_insights_and_alerts\" to job store \"default\""}
{"ts": "2026-07-28T01:55:49.619+00:00", "level": "INFO", "logger": "apscheduler.scheduler", "message": "Added job \"_monthly_report\" to job store \"default\""}
{"ts": "2026-07-28T01:55:49.620+00:00", "level": "INFO", "logger": "apscheduler.scheduler", "message": "Scheduler started"}
{"ts": "2026-07-28T01:55:49.620+00:00", "level": "INFO", "logger": "app.workers.scheduler", "message": "scheduler started with 4 source job(s)"}
{"ts": "2026-07-28T01:55:49.737+00:00", "level": "INFO", "logger": "apscheduler.scheduler", "message": "Scheduler has been shut down"}
{"ts": "2026-07-28T01:55:51.284+00:00", "level": "INFO", "logger": "apscheduler.scheduler", "message": "Adding job tentatively -- it will be properly scheduled when the scheduler starts"}
{"ts": "2026-07-28T01:55:51.285+00:00", "level": "INFO", "logger": "apscheduler.scheduler", "message": "Adding job tentatively -- it will be properly scheduled when the scheduler starts"}
{"ts": "2026-07-28T01:55:51.286+00:00", "level": "INFO", "logger": "apscheduler.scheduler", "message": "Adding job tentatively -- it will be properly scheduled when the scheduler starts"}
{"ts": "2026-07-28T01:55:51.287+00:00", "level": "INFO", "logger": "apscheduler.scheduler", "message": "Adding job tentatively -- it will be properly scheduled when the scheduler starts"}
{"ts": "2026-07-28T01:55:52.167+00:00", "level": "INFO", "logger": "apscheduler.scheduler", "message": "Added job \"_weekly_retrain\" to job store \"default\""}
{"ts": "2026-07-28T01:55:52.169+00:00", "level": "INFO", "logger": "apscheduler.scheduler", "message": "Added job \"_daily_anomaly_scan\" to job store \"default\""}
{"ts": "2026-07-28T01:55:52.170+00:00", "level": "INFO", "logger": "apscheduler.scheduler", "message": "Added job \"_nightly_insights_and_alerts\" to job store \"default\""}
{"ts": "2026-07-28T01:55:52.171+00:00", "level": "INFO", "logger": "apscheduler.scheduler", "message": "Added job \"_monthly_report\" to job store \"default\""}
{"ts": "2026-07-28T01:55:52.171+00:00", "level": "INFO", "logger": "apscheduler.scheduler", "message": "Scheduler started"}
{"ts": "2026-07-28T01:55:52.172+00:00", "level": "INFO", "logger": "app.workers.scheduler", "message": "scheduler started with 4 source job(s)"}
{"ts": "2026-07-28T01:55:52.604+00:00", "level": "INFO", "logger": "uvicorn.access", "message": "127.0.0.1:6226 - \"GET /api/v1/kpis/timeseries HTTP/1.1\" 200"}
{"ts": "2026-07-28T01:55:55.124+00:00", "level": "INFO", "logger": "uvicorn.access", "message": "127.0.0.1:4442 - \"GET /api/v1/sales/by-category HTTP/1.1\" 200"}
{"ts": "2026-07-28T01:55:57.660+00:00", "level": "INFO", "logger": "uvicorn.access", "message": "127.0.0.1:4444 - \"GET /api/v1/sales/by-channel HTTP/1.1\" 200"}
{"ts": "2026-07-28T01:56:00.270+00:00", "level": "INFO", "logger": "uvicorn.access", "message": "127.0.0.1:2413 - \"GET /api/v1/sales/by-product HTTP/1.1\" 200"}
{"ts": "2026-07-28T01:56:02.839+00:00", "level": "INFO", "logger": "uvicorn.access", "message": "127.0.0.1:2415 - \"GET /api/v1/sales/by-region HTTP/1.1\" 200"}
{"ts": "2026-07-28T01:56:05.621+00:00", "level": "INFO", "logger": "uvicorn.access", "message": "127.0.0.1:2419 - \"GET /api/v1/sales/transactions HTTP/1.1\" 200"}
{"ts": "2026-07-28T01:56:08.396+00:00", "level": "INFO", "logger": "uvicorn.access", "message": "127.0.0.1:2421 - \"GET /api/v1/finance/pnl HTTP/1.1\" 200"}
{"ts": "2026-07-28T01:56:10.905+00:00", "level": "INFO", "logger": "uvicorn.access", "message": "127.0.0.1:9738 - \"GET /api/v1/finance/expenses-by-category HTTP/1.1\" 200"}
{"ts": "2026-07-28T01:56:13.876+00:00", "level": "INFO", "logger": "uvicorn.access", "message": "127.0.0.1:9740 - \"GET /api/v1/inventory/levels HTTP/1.1\" 200"}
{"ts": "2026-07-28T01:56:16.983+00:00", "level": "INFO", "logger": "uvicorn.access", "message": "127.0.0.1:9742 - \"GET /api/v1/forecasts HTTP/1.1\" 200"}
{"ts": "2026-07-28T01:56:19.517+00:00", "level": "INFO", "logger": "uvicorn.access", "message": "127.0.0.1:9745 - \"GET /api/v1/anomalies HTTP/1.1\" 200"}
{"ts": "2026-07-28T01:56:22.042+00:00", "level": "INFO", "logger": "uvicorn.access", "message": "127.0.0.1:9747 - \"GET /api/v1/insights HTTP/1.1\" 200"}
{"ts": "2026-07-28T01:56:24.751+00:00", "level": "INFO", "logger": "uvicorn.access", "message": "127.0.0.1:9749 - \"GET /api/v1/trends HTTP/1.1\" 200"}
{"ts": "2026-07-28T01:56:26.952+00:00", "level": "INFO", "logger": "uvicorn.access", "message": "127.0.0.1:9751 - \"GET /api/v1/health HTTP/1.1\" 200"}
{"ts": "2026-07-28T01:56:29.425+00:00", "level": "INFO", "logger": "uvicorn.access", "message": "127.0.0.1:9753 - \"GET /api/v1/health/db HTTP/1.1\" 200"}
{"ts": "2026-07-28T19:46:57.882+00:00", "level": "WARNING", "logger": "apscheduler.executors.default", "message": "Run time of job \"_daily_anomaly_scan (trigger: cron[month='*', day='*', day_of_week='*', hour='1', minute='30'], next run at: 2026-07-30 01:30:00 +0545)\" was missed by 0:01:57.808871"}
{"ts": "2026-07-29T01:38:40.334+00:00", "level": "WARNING", "logger": "apscheduler.executors.default", "message": "Run time of job \"_nightly_insights_and_alerts (trigger: cron[month='*', day='*', day_of_week='*', hour='3', minute='0'], next run at: 2026-07-30 03:00:00 +0545)\" was missed by 4:23:40.333991"}
{"ts": "2026-07-30T00:51:36.356+00:00", "level": "WARNING", "logger": "apscheduler.executors.default", "message": "Run time of job \"_daily_anomaly_scan (trigger: cron[month='*', day='*', day_of_week='*', hour='1', minute='30'], next run at: 2026-07-31 01:30:00 +0545)\" was missed by 5:06:36.336399"}
{"ts": "2026-07-30T00:51:36.388+00:00", "level": "WARNING", "logger": "apscheduler.executors.default", "message": "Run time of job \"_nightly_insights_and_alerts (trigger: cron[month='*', day='*', day_of_week='*', hour='3', minute='0'], next run at: 2026-07-31 03:00:00 +0545)\" was missed by 3:36:36.388408"}
INFO:     Will watch for changes in these directories: ['/Users/ashokbhattarai/Desktop/Perosnal/Sairash/business-intelligence-backend']
Traceback (most recent call last):
  File "/Users/ashokbhattarai/Desktop/Perosnal/Sairash/business-intelligence-backend/.venv/bin/uvicorn", line 10, in <module>
    sys.exit(main())
             ^^^^^^
  File "/Users/ashokbhattarai/Desktop/Perosnal/Sairash/business-intelligence-backend/.venv/lib/python3.12/site-packages/click/core.py", line 1569, in __call__
    return self.main(*args, **kwargs)
           ^^^^^^^^^^^^^^^^^^^^^^^^^^
  File "/Users/ashokbhattarai/Desktop/Perosnal/Sairash/business-intelligence-backend/.venv/lib/python3.12/site-packages/click/core.py", line 1490, in main
    rv = self.invoke(ctx)
         ^^^^^^^^^^^^^^^^
  File "/Users/ashokbhattarai/Desktop/Perosnal/Sairash/business-intelligence-backend/.venv/lib/python3.12/site-packages/click/core.py", line 1353, in invoke
    return ctx.invoke(self.callback, **ctx.params)
           ^^^^^^^^^^^^^^^^^^^^^^^^^^^^^^^^^^^^^^^
  File "/Users/ashokbhattarai/Desktop/Perosnal/Sairash/business-intelligence-backend/.venv/lib/python3.12/site-packages/click/core.py", line 907, in invoke
    return callback(*args, **kwargs)
           ^^^^^^^^^^^^^^^^^^^^^^^^^
  File "/Users/ashokbhattarai/Desktop/Perosnal/Sairash/business-intelligence-backend/.venv/lib/python3.12/site-packages/uvicorn/main.py", line 441, in main
    run(
  File "/Users/ashokbhattarai/Desktop/Perosnal/Sairash/business-intelligence-backend/.venv/lib/python3.12/site-packages/uvicorn/main.py", line 609, in run
    config.load_app()
  File "/Users/ashokbhattarai/Desktop/Perosnal/Sairash/business-intelligence-backend/.venv/lib/python3.12/site-packages/uvicorn/config.py", line 415, in load_app
    return import_from_string(self.app)
           ^^^^^^^^^^^^^^^^^^^^^^^^^^^^
  File "/Users/ashokbhattarai/Desktop/Perosnal/Sairash/business-intelligence-backend/.venv/lib/python3.12/site-packages/uvicorn/importer.py", line 19, in import_from_string
    module = importlib.import_module(module_str)
             ^^^^^^^^^^^^^^^^^^^^^^^^^^^^^^^^^^^
  File "/opt/homebrew/Cellar/python@3.12/3.12.13_2/Frameworks/Python.framework/Versions/3.12/lib/python3.12/importlib/__init__.py", line 90, in import_module
    return _bootstrap._gcd_import(name[level:], package, level)
           ^^^^^^^^^^^^^^^^^^^^^^^^^^^^^^^^^^^^^^^^^^^^^^^^^^^^
  File "<frozen importlib._bootstrap>", line 1387, in _gcd_import
  File "<frozen importlib._bootstrap>", line 1360, in _find_and_load
  File "<frozen importlib._bootstrap>", line 1331, in _find_and_load_unlocked
  File "<frozen importlib._bootstrap>", line 935, in _load_unlocked
  File "<frozen importlib._bootstrap_external>", line 999, in exec_module
  File "<frozen importlib._bootstrap>", line 488, in _call_with_frames_removed
  File "/Users/ashokbhattarai/Desktop/Perosnal/Sairash/business-intelligence-backend/app/main.py", line 7, in <module>
    from app.api.v1.router import api_router
  File "/Users/ashokbhattarai/Desktop/Perosnal/Sairash/business-intelligence-backend/app/api/v1/router.py", line 3, in <module>
    from app.api.v1 import (
  File "/Users/ashokbhattarai/Desktop/Perosnal/Sairash/business-intelligence-backend/app/api/v1/users.py", line 26, in <module>
    async def _org_scoped_stmt(db: DbSession, user: Profile) -> Any:
                                                                ^^^
NameError: name 'Any' is not defined. Did you mean: 'any'?
INFO:     Will watch for changes in these directories: ['/Users/ashokbhattarai/Desktop/Perosnal/Sairash/business-intelligence-backend']
INFO:     Uvicorn running on http://127.0.0.1:8000 (Press CTRL+C to quit)
INFO:     Started reloader process [98772] using WatchFiles
INFO:     Started server process [98945]
INFO:     Waiting for application startup.
{"ts": "2026-08-09T11:26:37.744+00:00", "level": "INFO", "logger": "apscheduler.scheduler", "message": "Adding job tentatively -- it will be properly scheduled when the scheduler starts"}
{"ts": "2026-08-09T11:26:37.748+00:00", "level": "INFO", "logger": "apscheduler.scheduler", "message": "Adding job tentatively -- it will be properly scheduled when the scheduler starts"}
{"ts": "2026-08-09T11:26:37.753+00:00", "level": "INFO", "logger": "apscheduler.scheduler", "message": "Adding job tentatively -- it will be properly scheduled when the scheduler starts"}
{"ts": "2026-08-09T11:26:37.759+00:00", "level": "INFO", "logger": "apscheduler.scheduler", "message": "Adding job tentatively -- it will be properly scheduled when the scheduler starts"}
{"ts": "2026-08-09T11:26:40.203+00:00", "level": "INFO", "logger": "apscheduler.scheduler", "message": "Added job \"_weekly_retrain\" to job store \"default\""}
{"ts": "2026-08-09T11:26:40.204+00:00", "level": "INFO", "logger": "apscheduler.scheduler", "message": "Added job \"_daily_anomaly_scan\" to job store \"default\""}
{"ts": "2026-08-09T11:26:40.204+00:00", "level": "INFO", "logger": "apscheduler.scheduler", "message": "Added job \"_nightly_insights_and_alerts\" to job store \"default\""}
{"ts": "2026-08-09T11:26:40.204+00:00", "level": "INFO", "logger": "apscheduler.scheduler", "message": "Added job \"_monthly_report\" to job store \"default\""}
{"ts": "2026-08-09T11:26:40.204+00:00", "level": "INFO", "logger": "apscheduler.scheduler", "message": "Scheduler started"}
{"ts": "2026-08-09T11:26:40.204+00:00", "level": "INFO", "logger": "app.workers.scheduler", "message": "scheduler started with 4 source job(s)"}
INFO:     Application startup complete.
{"ts": "2026-08-09T11:26:42.409+00:00", "level": "INFO", "logger": "uvicorn.access", "message": "127.0.0.1:64556 - \"GET /api/v1/health HTTP/1.1\" 200"}
{"ts": "2026-08-09T11:27:36.661+00:00", "level": "INFO", "logger": "uvicorn.access", "message": "127.0.0.1:64787 - \"POST /api/v1/uploads HTTP/1.1\" 500"}
ERROR:    Exception in ASGI application
  + Exception Group Traceback (most recent call last):
  |   File "/Users/ashokbhattarai/Desktop/Perosnal/Sairash/business-intelligence-backend/.venv/lib/python3.12/site-packages/starlette/_utils.py", line 85, in create_collapsing_task_group
  |     async with anyio.create_task_group() as tg:
  |                ^^^^^^^^^^^^^^^^^^^^^^^^^
  |   File "/Users/ashokbhattarai/Desktop/Perosnal/Sairash/business-intelligence-backend/.venv/lib/python3.12/site-packages/anyio/_backends/_asyncio.py", line 811, in __aexit__
  |     raise BaseExceptionGroup(
  | ExceptionGroup: unhandled errors in a TaskGroup (1 sub-exception)
  +-+---------------- 1 ----------------
    | Traceback (most recent call last):
    |   File "/Users/ashokbhattarai/Desktop/Perosnal/Sairash/business-intelligence-backend/.venv/lib/python3.12/site-packages/uvicorn/protocols/http/httptools_impl.py", line 421, in run_asgi
    |     result = await app(  # type: ignore[func-returns-value]
    |              ^^^^^^^^^^^^^^^^^^^^^^^^^^^^^^^^^^^^^^^^^^^^^^
    |   File "/Users/ashokbhattarai/Desktop/Perosnal/Sairash/business-intelligence-backend/.venv/lib/python3.12/site-packages/uvicorn/middleware/proxy_headers.py", line 62, in __call__
    |     return await self.app(scope, receive, send)
    |            ^^^^^^^^^^^^^^^^^^^^^^^^^^^^^^^^^^^^
    |   File "/Users/ashokbhattarai/Desktop/Perosnal/Sairash/business-intelligence-backend/.venv/lib/python3.12/site-packages/fastapi/applications.py", line 1163, in __call__
    |     await super().__call__(scope, receive, send)
    |   File "/Users/ashokbhattarai/Desktop/Perosnal/Sairash/business-intelligence-backend/.venv/lib/python3.12/site-packages/starlette/applications.py", line 90, in __call__
    |     await self.middleware_stack(scope, receive, send)
    |   File "/Users/ashokbhattarai/Desktop/Perosnal/Sairash/business-intelligence-backend/.venv/lib/python3.12/site-packages/starlette/middleware/errors.py", line 186, in __call__
    |     raise exc
    |   File "/Users/ashokbhattarai/Desktop/Perosnal/Sairash/business-intelligence-backend/.venv/lib/python3.12/site-packages/starlette/middleware/errors.py", line 164, in __call__
    |     await self.app(scope, receive, _send)
    |   File "/Users/ashokbhattarai/Desktop/Perosnal/Sairash/business-intelligence-backend/.venv/lib/python3.12/site-packages/starlette/middleware/cors.py", line 88, in __call__
    |     await self.app(scope, receive, send)
    |   File "/Users/ashokbhattarai/Desktop/Perosnal/Sairash/business-intelligence-backend/.venv/lib/python3.12/site-packages/starlette/middleware/base.py", line 193, in __call__
    |     response = await self.dispatch_func(request, call_next)
    |                ^^^^^^^^^^^^^^^^^^^^^^^^^^^^^^^^^^^^^^^^^^^^
    |   File "/Users/ashokbhattarai/Desktop/Perosnal/Sairash/business-intelligence-backend/app/core/hardening.py", line 83, in dispatch
    |     response = await call_next(request)
    |                ^^^^^^^^^^^^^^^^^^^^^^^^
    |   File "/Users/ashokbhattarai/Desktop/Perosnal/Sairash/business-intelligence-backend/.venv/lib/python3.12/site-packages/starlette/middleware/base.py", line 168, in call_next
    |     raise app_exc from app_exc.__cause__ or app_exc.__context__
    |   File "/Users/ashokbhattarai/Desktop/Perosnal/Sairash/business-intelligence-backend/.venv/lib/python3.12/site-packages/starlette/middleware/base.py", line 144, in coro
    |     await self.app(scope, receive_or_disconnect, send_no_error)
    |   File "/Users/ashokbhattarai/Desktop/Perosnal/Sairash/business-intelligence-backend/.venv/lib/python3.12/site-packages/starlette/middleware/base.py", line 193, in __call__
    |     response = await self.dispatch_func(request, call_next)
    |                ^^^^^^^^^^^^^^^^^^^^^^^^^^^^^^^^^^^^^^^^^^^^
    |   File "/Users/ashokbhattarai/Desktop/Perosnal/Sairash/business-intelligence-backend/app/core/hardening.py", line 28, in dispatch
    |     response = await call_next(request)
    |                ^^^^^^^^^^^^^^^^^^^^^^^^
    |   File "/Users/ashokbhattarai/Desktop/Perosnal/Sairash/business-intelligence-backend/.venv/lib/python3.12/site-packages/starlette/middleware/base.py", line 168, in call_next
    |     raise app_exc from app_exc.__cause__ or app_exc.__context__
    |   File "/Users/ashokbhattarai/Desktop/Perosnal/Sairash/business-intelligence-backend/.venv/lib/python3.12/site-packages/starlette/middleware/base.py", line 144, in coro
    |     await self.app(scope, receive_or_disconnect, send_no_error)
    |   File "/Users/ashokbhattarai/Desktop/Perosnal/Sairash/business-intelligence-backend/.venv/lib/python3.12/site-packages/starlette/middleware/base.py", line 193, in __call__
    |     response = await self.dispatch_func(request, call_next)
    |                ^^^^^^^^^^^^^^^^^^^^^^^^^^^^^^^^^^^^^^^^^^^^
    |   File "/Users/ashokbhattarai/Desktop/Perosnal/Sairash/business-intelligence-backend/app/core/audit.py", line 24, in dispatch
    |     response = await call_next(request)
    |                ^^^^^^^^^^^^^^^^^^^^^^^^
    |   File "/Users/ashokbhattarai/Desktop/Perosnal/Sairash/business-intelligence-backend/.venv/lib/python3.12/site-packages/starlette/middleware/base.py", line 168, in call_next
    |     raise app_exc from app_exc.__cause__ or app_exc.__context__
    |   File "/Users/ashokbhattarai/Desktop/Perosnal/Sairash/business-intelligence-backend/.venv/lib/python3.12/site-packages/starlette/middleware/base.py", line 144, in coro
    |     await self.app(scope, receive_or_disconnect, send_no_error)
    |   File "/Users/ashokbhattarai/Desktop/Perosnal/Sairash/business-intelligence-backend/.venv/lib/python3.12/site-packages/starlette/middleware/exceptions.py", line 63, in __call__
    |     await wrap_app_handling_exceptions(self.app, conn)(scope, receive, send)
    |   File "/Users/ashokbhattarai/Desktop/Perosnal/Sairash/business-intelligence-backend/.venv/lib/python3.12/site-packages/starlette/_exception_handler.py", line 53, in wrapped_app
    |     raise exc
    |   File "/Users/ashokbhattarai/Desktop/Perosnal/Sairash/business-intelligence-backend/.venv/lib/python3.12/site-packages/starlette/_exception_handler.py", line 42, in wrapped_app
    |     await app(scope, receive, sender)
    |   File "/Users/ashokbhattarai/Desktop/Perosnal/Sairash/business-intelligence-backend/.venv/lib/python3.12/site-packages/fastapi/middleware/asyncexitstack.py", line 18, in __call__
    |     await self.app(scope, receive, send)
    |   File "/Users/ashokbhattarai/Desktop/Perosnal/Sairash/business-intelligence-backend/.venv/lib/python3.12/site-packages/starlette/routing.py", line 660, in __call__
    |     await self.middleware_stack(scope, receive, send)
    |   File "/Users/ashokbhattarai/Desktop/Perosnal/Sairash/business-intelligence-backend/.venv/lib/python3.12/site-packages/fastapi/routing.py", line 2683, in app
    |     await route.handle(scope, receive, send)
    |   File "/Users/ashokbhattarai/Desktop/Perosnal/Sairash/business-intelligence-backend/.venv/lib/python3.12/site-packages/fastapi/routing.py", line 1753, in handle
    |     await self.original_router.handle(scope, receive, send)
    |   File "/Users/ashokbhattarai/Desktop/Perosnal/Sairash/business-intelligence-backend/.venv/lib/python3.12/site-packages/fastapi/routing.py", line 2738, in handle
    |     await included_router._handle_selected(scope, receive, send)
    |   File "/Users/ashokbhattarai/Desktop/Perosnal/Sairash/business-intelligence-backend/.venv/lib/python3.12/site-packages/fastapi/routing.py", line 1764, in _handle_selected
    |     await route.handle(scope, receive, send)
    |   File "/Users/ashokbhattarai/Desktop/Perosnal/Sairash/business-intelligence-backend/.venv/lib/python3.12/site-packages/fastapi/routing.py", line 1753, in handle
    |     await self.original_router.handle(scope, receive, send)
    |   File "/Users/ashokbhattarai/Desktop/Perosnal/Sairash/business-intelligence-backend/.venv/lib/python3.12/site-packages/fastapi/routing.py", line 2738, in handle
    |     await included_router._handle_selected(scope, receive, send)
    |   File "/Users/ashokbhattarai/Desktop/Perosnal/Sairash/business-intelligence-backend/.venv/lib/python3.12/site-packages/fastapi/routing.py", line 1773, in _handle_selected
    |     await original_route.handle(scope, receive, send)
    |   File "/Users/ashokbhattarai/Desktop/Perosnal/Sairash/business-intelligence-backend/.venv/lib/python3.12/site-packages/fastapi/routing.py", line 1264, in handle
    |     await app(scope, receive, send)
    |   File "/Users/ashokbhattarai/Desktop/Perosnal/Sairash/business-intelligence-backend/.venv/lib/python3.12/site-packages/fastapi/routing.py", line 150, in app
    |     await wrap_app_handling_exceptions(app, request)(scope, receive, send)
    |   File "/Users/ashokbhattarai/Desktop/Perosnal/Sairash/business-intelligence-backend/.venv/lib/python3.12/site-packages/starlette/_exception_handler.py", line 53, in wrapped_app
    |     raise exc
    |   File "/Users/ashokbhattarai/Desktop/Perosnal/Sairash/business-intelligence-backend/.venv/lib/python3.12/site-packages/starlette/_exception_handler.py", line 42, in wrapped_app
    |     await app(scope, receive, sender)
    |   File "/Users/ashokbhattarai/Desktop/Perosnal/Sairash/business-intelligence-backend/.venv/lib/python3.12/site-packages/fastapi/routing.py", line 136, in app
    |     response = await f(request)
    |                ^^^^^^^^^^^^^^^^
    |   File "/Users/ashokbhattarai/Desktop/Perosnal/Sairash/business-intelligence-backend/.venv/lib/python3.12/site-packages/fastapi/routing.py", line 690, in app
    |     raw_response = await run_endpoint_function(
    |                    ^^^^^^^^^^^^^^^^^^^^^^^^^^^^
    |   File "/Users/ashokbhattarai/Desktop/Perosnal/Sairash/business-intelligence-backend/.venv/lib/python3.12/site-packages/fastapi/routing.py", line 344, in run_endpoint_function
    |     return await dependant.call(**values)
    |            ^^^^^^^^^^^^^^^^^^^^^^^^^^^^^^
    |   File "/Users/ashokbhattarai/Desktop/Perosnal/Sairash/business-intelligence-backend/app/api/v1/uploads.py", line 68, in upload_file
    |     upload = RawUpload(
    |              ^^^^^^^^^^
    |   File "<string>", line 4, in __init__
    |   File "/Users/ashokbhattarai/Desktop/Perosnal/Sairash/business-intelligence-backend/.venv/lib/python3.12/site-packages/sqlalchemy/orm/state.py", line 596, in _initialize_instance
    |     with util.safe_reraise():
    |          ^^^^^^^^^^^^^^^^^^^
    |   File "/Users/ashokbhattarai/Desktop/Perosnal/Sairash/business-intelligence-backend/.venv/lib/python3.12/site-packages/sqlalchemy/util/langhelpers.py", line 122, in __exit__
    |     raise exc_value.with_traceback(exc_tb)
    |   File "/Users/ashokbhattarai/Desktop/Perosnal/Sairash/business-intelligence-backend/.venv/lib/python3.12/site-packages/sqlalchemy/orm/state.py", line 594, in _initialize_instance
    |     manager.original_init(*mixed[1:], **kwargs)
    |   File "/Users/ashokbhattarai/Desktop/Perosnal/Sairash/business-intelligence-backend/.venv/lib/python3.12/site-packages/sqlalchemy/orm/decl_base.py", line 2179, in _declarative_constructor
    |     raise TypeError(
    | TypeError: 'org_id' is an invalid keyword argument for RawUpload
    +------------------------------------

The above exception was the direct cause of the following exception:

Traceback (most recent call last):
  File "/Users/ashokbhattarai/Desktop/Perosnal/Sairash/business-intelligence-backend/.venv/lib/python3.12/site-packages/uvicorn/protocols/http/httptools_impl.py", line 421, in run_asgi
    result = await app(  # type: ignore[func-returns-value]
             ^^^^^^^^^^^^^^^^^^^^^^^^^^^^^^^^^^^^^^^^^^^^^^
  File "/Users/ashokbhattarai/Desktop/Perosnal/Sairash/business-intelligence-backend/.venv/lib/python3.12/site-packages/uvicorn/middleware/proxy_headers.py", line 62, in __call__
    return await self.app(scope, receive, send)
           ^^^^^^^^^^^^^^^^^^^^^^^^^^^^^^^^^^^^
  File "/Users/ashokbhattarai/Desktop/Perosnal/Sairash/business-intelligence-backend/.venv/lib/python3.12/site-packages/fastapi/applications.py", line 1163, in __call__
    await super().__call__(scope, receive, send)
  File "/Users/ashokbhattarai/Desktop/Perosnal/Sairash/business-intelligence-backend/.venv/lib/python3.12/site-packages/starlette/applications.py", line 90, in __call__
    await self.middleware_stack(scope, receive, send)
  File "/Users/ashokbhattarai/Desktop/Perosnal/Sairash/business-intelligence-backend/.venv/lib/python3.12/site-packages/starlette/middleware/errors.py", line 186, in __call__
    raise exc
  File "/Users/ashokbhattarai/Desktop/Perosnal/Sairash/business-intelligence-backend/.venv/lib/python3.12/site-packages/starlette/middleware/errors.py", line 164, in __call__
    await self.app(scope, receive, _send)
  File "/Users/ashokbhattarai/Desktop/Perosnal/Sairash/business-intelligence-backend/.venv/lib/python3.12/site-packages/starlette/middleware/cors.py", line 88, in __call__
    await self.app(scope, receive, send)
  File "/Users/ashokbhattarai/Desktop/Perosnal/Sairash/business-intelligence-backend/.venv/lib/python3.12/site-packages/starlette/middleware/base.py", line 193, in __call__
    response = await self.dispatch_func(request, call_next)
               ^^^^^^^^^^^^^^^^^^^^^^^^^^^^^^^^^^^^^^^^^^^^
  File "/Users/ashokbhattarai/Desktop/Perosnal/Sairash/business-intelligence-backend/app/core/hardening.py", line 83, in dispatch
    response = await call_next(request)
               ^^^^^^^^^^^^^^^^^^^^^^^^
  File "/Users/ashokbhattarai/Desktop/Perosnal/Sairash/business-intelligence-backend/.venv/lib/python3.12/site-packages/starlette/middleware/base.py", line 168, in call_next
    raise app_exc from app_exc.__cause__ or app_exc.__context__
  File "/Users/ashokbhattarai/Desktop/Perosnal/Sairash/business-intelligence-backend/.venv/lib/python3.12/site-packages/starlette/middleware/base.py", line 144, in coro
    await self.app(scope, receive_or_disconnect, send_no_error)
  File "/Users/ashokbhattarai/Desktop/Perosnal/Sairash/business-intelligence-backend/.venv/lib/python3.12/site-packages/starlette/middleware/base.py", line 193, in __call__
    response = await self.dispatch_func(request, call_next)
               ^^^^^^^^^^^^^^^^^^^^^^^^^^^^^^^^^^^^^^^^^^^^
  File "/Users/ashokbhattarai/Desktop/Perosnal/Sairash/business-intelligence-backend/app/core/hardening.py", line 28, in dispatch
    response = await call_next(request)
               ^^^^^^^^^^^^^^^^^^^^^^^^
  File "/Users/ashokbhattarai/Desktop/Perosnal/Sairash/business-intelligence-backend/.venv/lib/python3.12/site-packages/starlette/middleware/base.py", line 168, in call_next
    raise app_exc from app_exc.__cause__ or app_exc.__context__
  File "/Users/ashokbhattarai/Desktop/Perosnal/Sairash/business-intelligence-backend/.venv/lib/python3.12/site-packages/starlette/middleware/base.py", line 144, in coro
    await self.app(scope, receive_or_disconnect, send_no_error)
  File "/Users/ashokbhattarai/Desktop/Perosnal/Sairash/business-intelligence-backend/.venv/lib/python3.12/site-packages/starlette/middleware/base.py", line 193, in __call__
    response = await self.dispatch_func(request, call_next)
               ^^^^^^^^^^^^^^^^^^^^^^^^^^^^^^^^^^^^^^^^^^^^
  File "/Users/ashokbhattarai/Desktop/Perosnal/Sairash/business-intelligence-backend/app/core/audit.py", line 24, in dispatch
    response = await call_next(request)
               ^^^^^^^^^^^^^^^^^^^^^^^^
  File "/Users/ashokbhattarai/Desktop/Perosnal/Sairash/business-intelligence-backend/.venv/lib/python3.12/site-packages/starlette/middleware/base.py", line 168, in call_next
    raise app_exc from app_exc.__cause__ or app_exc.__context__
  File "/Users/ashokbhattarai/Desktop/Perosnal/Sairash/business-intelligence-backend/.venv/lib/python3.12/site-packages/starlette/middleware/base.py", line 144, in coro
    await self.app(scope, receive_or_disconnect, send_no_error)
  File "/Users/ashokbhattarai/Desktop/Perosnal/Sairash/business-intelligence-backend/.venv/lib/python3.12/site-packages/starlette/middleware/exceptions.py", line 63, in __call__
    await wrap_app_handling_exceptions(self.app, conn)(scope, receive, send)
  File "/Users/ashokbhattarai/Desktop/Perosnal/Sairash/business-intelligence-backend/.venv/lib/python3.12/site-packages/starlette/_exception_handler.py", line 53, in wrapped_app
    raise exc
  File "/Users/ashokbhattarai/Desktop/Perosnal/Sairash/business-intelligence-backend/.venv/lib/python3.12/site-packages/starlette/_exception_handler.py", line 42, in wrapped_app
    await app(scope, receive, sender)
  File "/Users/ashokbhattarai/Desktop/Perosnal/Sairash/business-intelligence-backend/.venv/lib/python3.12/site-packages/fastapi/middleware/asyncexitstack.py", line 18, in __call__
    await self.app(scope, receive, send)
  File "/Users/ashokbhattarai/Desktop/Perosnal/Sairash/business-intelligence-backend/.venv/lib/python3.12/site-packages/starlette/routing.py", line 660, in __call__
    await self.middleware_stack(scope, receive, send)
  File "/Users/ashokbhattarai/Desktop/Perosnal/Sairash/business-intelligence-backend/.venv/lib/python3.12/site-packages/fastapi/routing.py", line 2683, in app
    await route.handle(scope, receive, send)
  File "/Users/ashokbhattarai/Desktop/Perosnal/Sairash/business-intelligence-backend/.venv/lib/python3.12/site-packages/fastapi/routing.py", line 1753, in handle
    await self.original_router.handle(scope, receive, send)
  File "/Users/ashokbhattarai/Desktop/Perosnal/Sairash/business-intelligence-backend/.venv/lib/python3.12/site-packages/fastapi/routing.py", line 2738, in handle
    await included_router._handle_selected(scope, receive, send)
  File "/Users/ashokbhattarai/Desktop/Perosnal/Sairash/business-intelligence-backend/.venv/lib/python3.12/site-packages/fastapi/routing.py", line 1764, in _handle_selected
    await route.handle(scope, receive, send)
  File "/Users/ashokbhattarai/Desktop/Perosnal/Sairash/business-intelligence-backend/.venv/lib/python3.12/site-packages/fastapi/routing.py", line 1753, in handle
    await self.original_router.handle(scope, receive, send)
  File "/Users/ashokbhattarai/Desktop/Perosnal/Sairash/business-intelligence-backend/.venv/lib/python3.12/site-packages/fastapi/routing.py", line 2738, in handle
    await included_router._handle_selected(scope, receive, send)
  File "/Users/ashokbhattarai/Desktop/Perosnal/Sairash/business-intelligence-backend/.venv/lib/python3.12/site-packages/fastapi/routing.py", line 1773, in _handle_selected
    await original_route.handle(scope, receive, send)
  File "/Users/ashokbhattarai/Desktop/Perosnal/Sairash/business-intelligence-backend/.venv/lib/python3.12/site-packages/fastapi/routing.py", line 1264, in handle
    await app(scope, receive, send)
  File "/Users/ashokbhattarai/Desktop/Perosnal/Sairash/business-intelligence-backend/.venv/lib/python3.12/site-packages/fastapi/routing.py", line 150, in app
    await wrap_app_handling_exceptions(app, request)(scope, receive, send)
  File "/Users/ashokbhattarai/Desktop/Perosnal/Sairash/business-intelligence-backend/.venv/lib/python3.12/site-packages/starlette/_exception_handler.py", line 53, in wrapped_app
    raise exc
  File "/Users/ashokbhattarai/Desktop/Perosnal/Sairash/business-intelligence-backend/.venv/lib/python3.12/site-packages/starlette/_exception_handler.py", line 42, in wrapped_app
    await app(scope, receive, sender)
  File "/Users/ashokbhattarai/Desktop/Perosnal/Sairash/business-intelligence-backend/.venv/lib/python3.12/site-packages/fastapi/routing.py", line 136, in app
    response = await f(request)
               ^^^^^^^^^^^^^^^^
  File "/Users/ashokbhattarai/Desktop/Perosnal/Sairash/business-intelligence-backend/.venv/lib/python3.12/site-packages/fastapi/routing.py", line 690, in app
    raw_response = await run_endpoint_function(
                   ^^^^^^^^^^^^^^^^^^^^^^^^^^^^
  File "/Users/ashokbhattarai/Desktop/Perosnal/Sairash/business-intelligence-backend/.venv/lib/python3.12/site-packages/fastapi/routing.py", line 344, in run_endpoint_function
    return await dependant.call(**values)
           ^^^^^^^^^^^^^^^^^^^^^^^^^^^^^^
  File "/Users/ashokbhattarai/Desktop/Perosnal/Sairash/business-intelligence-backend/app/api/v1/uploads.py", line 68, in upload_file
    upload = RawUpload(
             ^^^^^^^^^^
  File "<string>", line 4, in __init__
  File "/Users/ashokbhattarai/Desktop/Perosnal/Sairash/business-intelligence-backend/.venv/lib/python3.12/site-packages/sqlalchemy/orm/state.py", line 596, in _initialize_instance
    with util.safe_reraise():
         ^^^^^^^^^^^^^^^^^^^
  File "/Users/ashokbhattarai/Desktop/Perosnal/Sairash/business-intelligence-backend/.venv/lib/python3.12/site-packages/sqlalchemy/util/langhelpers.py", line 122, in __exit__
    raise exc_value.with_traceback(exc_tb)
  File "/Users/ashokbhattarai/Desktop/Perosnal/Sairash/business-intelligence-backend/.venv/lib/python3.12/site-packages/sqlalchemy/orm/state.py", line 594, in _initialize_instance
    manager.original_init(*mixed[1:], **kwargs)
  File "/Users/ashokbhattarai/Desktop/Perosnal/Sairash/business-intelligence-backend/.venv/lib/python3.12/site-packages/sqlalchemy/orm/decl_base.py", line 2179, in _declarative_constructor
    raise TypeError(
TypeError: 'org_id' is an invalid keyword argument for RawUpload
{"ts": "2026-08-09T11:27:37.173+00:00", "level": "INFO", "logger": "uvicorn.access", "message": "127.0.0.1:64791 - \"POST /api/v1/uploads HTTP/1.1\" 500"}
ERROR:    Exception in ASGI application
  + Exception Group Traceback (most recent call last):
  |   File "/Users/ashokbhattarai/Desktop/Perosnal/Sairash/business-intelligence-backend/.venv/lib/python3.12/site-packages/starlette/_utils.py", line 85, in create_collapsing_task_group
  |     async with anyio.create_task_group() as tg:
  |                ^^^^^^^^^^^^^^^^^^^^^^^^^
  |   File "/Users/ashokbhattarai/Desktop/Perosnal/Sairash/business-intelligence-backend/.venv/lib/python3.12/site-packages/anyio/_backends/_asyncio.py", line 811, in __aexit__
  |     raise BaseExceptionGroup(
  | ExceptionGroup: unhandled errors in a TaskGroup (1 sub-exception)
  +-+---------------- 1 ----------------
    | Traceback (most recent call last):
    |   File "/Users/ashokbhattarai/Desktop/Perosnal/Sairash/business-intelligence-backend/.venv/lib/python3.12/site-packages/uvicorn/protocols/http/httptools_impl.py", line 421, in run_asgi
    |     result = await app(  # type: ignore[func-returns-value]
    |              ^^^^^^^^^^^^^^^^^^^^^^^^^^^^^^^^^^^^^^^^^^^^^^
    |   File "/Users/ashokbhattarai/Desktop/Perosnal/Sairash/business-intelligence-backend/.venv/lib/python3.12/site-packages/uvicorn/middleware/proxy_headers.py", line 62, in __call__
    |     return await self.app(scope, receive, send)
    |            ^^^^^^^^^^^^^^^^^^^^^^^^^^^^^^^^^^^^
    |   File "/Users/ashokbhattarai/Desktop/Perosnal/Sairash/business-intelligence-backend/.venv/lib/python3.12/site-packages/fastapi/applications.py", line 1163, in __call__
    |     await super().__call__(scope, receive, send)
    |   File "/Users/ashokbhattarai/Desktop/Perosnal/Sairash/business-intelligence-backend/.venv/lib/python3.12/site-packages/starlette/applications.py", line 90, in __call__
    |     await self.middleware_stack(scope, receive, send)
    |   File "/Users/ashokbhattarai/Desktop/Perosnal/Sairash/business-intelligence-backend/.venv/lib/python3.12/site-packages/starlette/middleware/errors.py", line 186, in __call__
    |     raise exc
    |   File "/Users/ashokbhattarai/Desktop/Perosnal/Sairash/business-intelligence-backend/.venv/lib/python3.12/site-packages/starlette/middleware/errors.py", line 164, in __call__
    |     await self.app(scope, receive, _send)
    |   File "/Users/ashokbhattarai/Desktop/Perosnal/Sairash/business-intelligence-backend/.venv/lib/python3.12/site-packages/starlette/middleware/cors.py", line 88, in __call__
    |     await self.app(scope, receive, send)
    |   File "/Users/ashokbhattarai/Desktop/Perosnal/Sairash/business-intelligence-backend/.venv/lib/python3.12/site-packages/starlette/middleware/base.py", line 193, in __call__
    |     response = await self.dispatch_func(request, call_next)
    |                ^^^^^^^^^^^^^^^^^^^^^^^^^^^^^^^^^^^^^^^^^^^^
    |   File "/Users/ashokbhattarai/Desktop/Perosnal/Sairash/business-intelligence-backend/app/core/hardening.py", line 83, in dispatch
    |     response = await call_next(request)
    |                ^^^^^^^^^^^^^^^^^^^^^^^^
    |   File "/Users/ashokbhattarai/Desktop/Perosnal/Sairash/business-intelligence-backend/.venv/lib/python3.12/site-packages/starlette/middleware/base.py", line 168, in call_next
    |     raise app_exc from app_exc.__cause__ or app_exc.__context__
    |   File "/Users/ashokbhattarai/Desktop/Perosnal/Sairash/business-intelligence-backend/.venv/lib/python3.12/site-packages/starlette/middleware/base.py", line 144, in coro
    |     await self.app(scope, receive_or_disconnect, send_no_error)
    |   File "/Users/ashokbhattarai/Desktop/Perosnal/Sairash/business-intelligence-backend/.venv/lib/python3.12/site-packages/starlette/middleware/base.py", line 193, in __call__
    |     response = await self.dispatch_func(request, call_next)
    |                ^^^^^^^^^^^^^^^^^^^^^^^^^^^^^^^^^^^^^^^^^^^^
    |   File "/Users/ashokbhattarai/Desktop/Perosnal/Sairash/business-intelligence-backend/app/core/hardening.py", line 28, in dispatch
    |     response = await call_next(request)
    |                ^^^^^^^^^^^^^^^^^^^^^^^^
    |   File "/Users/ashokbhattarai/Desktop/Perosnal/Sairash/business-intelligence-backend/.venv/lib/python3.12/site-packages/starlette/middleware/base.py", line 168, in call_next
    |     raise app_exc from app_exc.__cause__ or app_exc.__context__
    |   File "/Users/ashokbhattarai/Desktop/Perosnal/Sairash/business-intelligence-backend/.venv/lib/python3.12/site-packages/starlette/middleware/base.py", line 144, in coro
    |     await self.app(scope, receive_or_disconnect, send_no_error)
    |   File "/Users/ashokbhattarai/Desktop/Perosnal/Sairash/business-intelligence-backend/.venv/lib/python3.12/site-packages/starlette/middleware/base.py", line 193, in __call__
    |     response = await self.dispatch_func(request, call_next)
    |                ^^^^^^^^^^^^^^^^^^^^^^^^^^^^^^^^^^^^^^^^^^^^
    |   File "/Users/ashokbhattarai/Desktop/Perosnal/Sairash/business-intelligence-backend/app/core/audit.py", line 24, in dispatch
    |     response = await call_next(request)
    |                ^^^^^^^^^^^^^^^^^^^^^^^^
    |   File "/Users/ashokbhattarai/Desktop/Perosnal/Sairash/business-intelligence-backend/.venv/lib/python3.12/site-packages/starlette/middleware/base.py", line 168, in call_next
    |     raise app_exc from app_exc.__cause__ or app_exc.__context__
    |   File "/Users/ashokbhattarai/Desktop/Perosnal/Sairash/business-intelligence-backend/.venv/lib/python3.12/site-packages/starlette/middleware/base.py", line 144, in coro
    |     await self.app(scope, receive_or_disconnect, send_no_error)
    |   File "/Users/ashokbhattarai/Desktop/Perosnal/Sairash/business-intelligence-backend/.venv/lib/python3.12/site-packages/starlette/middleware/exceptions.py", line 63, in __call__
    |     await wrap_app_handling_exceptions(self.app, conn)(scope, receive, send)
    |   File "/Users/ashokbhattarai/Desktop/Perosnal/Sairash/business-intelligence-backend/.venv/lib/python3.12/site-packages/starlette/_exception_handler.py", line 53, in wrapped_app
    |     raise exc
    |   File "/Users/ashokbhattarai/Desktop/Perosnal/Sairash/business-intelligence-backend/.venv/lib/python3.12/site-packages/starlette/_exception_handler.py", line 42, in wrapped_app
    |     await app(scope, receive, sender)
    |   File "/Users/ashokbhattarai/Desktop/Perosnal/Sairash/business-intelligence-backend/.venv/lib/python3.12/site-packages/fastapi/middleware/asyncexitstack.py", line 18, in __call__
    |     await self.app(scope, receive, send)
    |   File "/Users/ashokbhattarai/Desktop/Perosnal/Sairash/business-intelligence-backend/.venv/lib/python3.12/site-packages/starlette/routing.py", line 660, in __call__
    |     await self.middleware_stack(scope, receive, send)
    |   File "/Users/ashokbhattarai/Desktop/Perosnal/Sairash/business-intelligence-backend/.venv/lib/python3.12/site-packages/fastapi/routing.py", line 2683, in app
    |     await route.handle(scope, receive, send)
    |   File "/Users/ashokbhattarai/Desktop/Perosnal/Sairash/business-intelligence-backend/.venv/lib/python3.12/site-packages/fastapi/routing.py", line 1753, in handle
    |     await self.original_router.handle(scope, receive, send)
    |   File "/Users/ashokbhattarai/Desktop/Perosnal/Sairash/business-intelligence-backend/.venv/lib/python3.12/site-packages/fastapi/routing.py", line 2738, in handle
    |     await included_router._handle_selected(scope, receive, send)
    |   File "/Users/ashokbhattarai/Desktop/Perosnal/Sairash/business-intelligence-backend/.venv/lib/python3.12/site-packages/fastapi/routing.py", line 1764, in _handle_selected
    |     await route.handle(scope, receive, send)
    |   File "/Users/ashokbhattarai/Desktop/Perosnal/Sairash/business-intelligence-backend/.venv/lib/python3.12/site-packages/fastapi/routing.py", line 1753, in handle
    |     await self.original_router.handle(scope, receive, send)
    |   File "/Users/ashokbhattarai/Desktop/Perosnal/Sairash/business-intelligence-backend/.venv/lib/python3.12/site-packages/fastapi/routing.py", line 2738, in handle
    |     await included_router._handle_selected(scope, receive, send)
    |   File "/Users/ashokbhattarai/Desktop/Perosnal/Sairash/business-intelligence-backend/.venv/lib/python3.12/site-packages/fastapi/routing.py", line 1773, in _handle_selected
    |     await original_route.handle(scope, receive, send)
    |   File "/Users/ashokbhattarai/Desktop/Perosnal/Sairash/business-intelligence-backend/.venv/lib/python3.12/site-packages/fastapi/routing.py", line 1264, in handle
    |     await app(scope, receive, send)
    |   File "/Users/ashokbhattarai/Desktop/Perosnal/Sairash/business-intelligence-backend/.venv/lib/python3.12/site-packages/fastapi/routing.py", line 150, in app
    |     await wrap_app_handling_exceptions(app, request)(scope, receive, send)
    |   File "/Users/ashokbhattarai/Desktop/Perosnal/Sairash/business-intelligence-backend/.venv/lib/python3.12/site-packages/starlette/_exception_handler.py", line 53, in wrapped_app
    |     raise exc
    |   File "/Users/ashokbhattarai/Desktop/Perosnal/Sairash/business-intelligence-backend/.venv/lib/python3.12/site-packages/starlette/_exception_handler.py", line 42, in wrapped_app
    |     await app(scope, receive, sender)
    |   File "/Users/ashokbhattarai/Desktop/Perosnal/Sairash/business-intelligence-backend/.venv/lib/python3.12/site-packages/fastapi/routing.py", line 136, in app
    |     response = await f(request)
    |                ^^^^^^^^^^^^^^^^
    |   File "/Users/ashokbhattarai/Desktop/Perosnal/Sairash/business-intelligence-backend/.venv/lib/python3.12/site-packages/fastapi/routing.py", line 690, in app
    |     raw_response = await run_endpoint_function(
    |                    ^^^^^^^^^^^^^^^^^^^^^^^^^^^^
    |   File "/Users/ashokbhattarai/Desktop/Perosnal/Sairash/business-intelligence-backend/.venv/lib/python3.12/site-packages/fastapi/routing.py", line 344, in run_endpoint_function
    |     return await dependant.call(**values)
    |            ^^^^^^^^^^^^^^^^^^^^^^^^^^^^^^
    |   File "/Users/ashokbhattarai/Desktop/Perosnal/Sairash/business-intelligence-backend/app/api/v1/uploads.py", line 68, in upload_file
    |     upload = RawUpload(
    |              ^^^^^^^^^^
    |   File "<string>", line 4, in __init__
    |   File "/Users/ashokbhattarai/Desktop/Perosnal/Sairash/business-intelligence-backend/.venv/lib/python3.12/site-packages/sqlalchemy/orm/state.py", line 596, in _initialize_instance
    |     with util.safe_reraise():
    |          ^^^^^^^^^^^^^^^^^^^
    |   File "/Users/ashokbhattarai/Desktop/Perosnal/Sairash/business-intelligence-backend/.venv/lib/python3.12/site-packages/sqlalchemy/util/langhelpers.py", line 122, in __exit__
    |     raise exc_value.with_traceback(exc_tb)
    |   File "/Users/ashokbhattarai/Desktop/Perosnal/Sairash/business-intelligence-backend/.venv/lib/python3.12/site-packages/sqlalchemy/orm/state.py", line 594, in _initialize_instance
    |     manager.original_init(*mixed[1:], **kwargs)
    |   File "/Users/ashokbhattarai/Desktop/Perosnal/Sairash/business-intelligence-backend/.venv/lib/python3.12/site-packages/sqlalchemy/orm/decl_base.py", line 2179, in _declarative_constructor
    |     raise TypeError(
    | TypeError: 'org_id' is an invalid keyword argument for RawUpload
    +------------------------------------

The above exception was the direct cause of the following exception:

Traceback (most recent call last):
  File "/Users/ashokbhattarai/Desktop/Perosnal/Sairash/business-intelligence-backend/.venv/lib/python3.12/site-packages/uvicorn/protocols/http/httptools_impl.py", line 421, in run_asgi
    result = await app(  # type: ignore[func-returns-value]
             ^^^^^^^^^^^^^^^^^^^^^^^^^^^^^^^^^^^^^^^^^^^^^^
  File "/Users/ashokbhattarai/Desktop/Perosnal/Sairash/business-intelligence-backend/.venv/lib/python3.12/site-packages/uvicorn/middleware/proxy_headers.py", line 62, in __call__
    return await self.app(scope, receive, send)
           ^^^^^^^^^^^^^^^^^^^^^^^^^^^^^^^^^^^^
  File "/Users/ashokbhattarai/Desktop/Perosnal/Sairash/business-intelligence-backend/.venv/lib/python3.12/site-packages/fastapi/applications.py", line 1163, in __call__
    await super().__call__(scope, receive, send)
  File "/Users/ashokbhattarai/Desktop/Perosnal/Sairash/business-intelligence-backend/.venv/lib/python3.12/site-packages/starlette/applications.py", line 90, in __call__
    await self.middleware_stack(scope, receive, send)
  File "/Users/ashokbhattarai/Desktop/Perosnal/Sairash/business-intelligence-backend/.venv/lib/python3.12/site-packages/starlette/middleware/errors.py", line 186, in __call__
    raise exc
  File "/Users/ashokbhattarai/Desktop/Perosnal/Sairash/business-intelligence-backend/.venv/lib/python3.12/site-packages/starlette/middleware/errors.py", line 164, in __call__
    await self.app(scope, receive, _send)
  File "/Users/ashokbhattarai/Desktop/Perosnal/Sairash/business-intelligence-backend/.venv/lib/python3.12/site-packages/starlette/middleware/cors.py", line 88, in __call__
    await self.app(scope, receive, send)
  File "/Users/ashokbhattarai/Desktop/Perosnal/Sairash/business-intelligence-backend/.venv/lib/python3.12/site-packages/starlette/middleware/base.py", line 193, in __call__
    response = await self.dispatch_func(request, call_next)
               ^^^^^^^^^^^^^^^^^^^^^^^^^^^^^^^^^^^^^^^^^^^^
  File "/Users/ashokbhattarai/Desktop/Perosnal/Sairash/business-intelligence-backend/app/core/hardening.py", line 83, in dispatch
    response = await call_next(request)
               ^^^^^^^^^^^^^^^^^^^^^^^^
  File "/Users/ashokbhattarai/Desktop/Perosnal/Sairash/business-intelligence-backend/.venv/lib/python3.12/site-packages/starlette/middleware/base.py", line 168, in call_next
    raise app_exc from app_exc.__cause__ or app_exc.__context__
  File "/Users/ashokbhattarai/Desktop/Perosnal/Sairash/business-intelligence-backend/.venv/lib/python3.12/site-packages/starlette/middleware/base.py", line 144, in coro
    await self.app(scope, receive_or_disconnect, send_no_error)
  File "/Users/ashokbhattarai/Desktop/Perosnal/Sairash/business-intelligence-backend/.venv/lib/python3.12/site-packages/starlette/middleware/base.py", line 193, in __call__
    response = await self.dispatch_func(request, call_next)
               ^^^^^^^^^^^^^^^^^^^^^^^^^^^^^^^^^^^^^^^^^^^^
  File "/Users/ashokbhattarai/Desktop/Perosnal/Sairash/business-intelligence-backend/app/core/hardening.py", line 28, in dispatch
    response = await call_next(request)
               ^^^^^^^^^^^^^^^^^^^^^^^^
  File "/Users/ashokbhattarai/Desktop/Perosnal/Sairash/business-intelligence-backend/.venv/lib/python3.12/site-packages/starlette/middleware/base.py", line 168, in call_next
    raise app_exc from app_exc.__cause__ or app_exc.__context__
  File "/Users/ashokbhattarai/Desktop/Perosnal/Sairash/business-intelligence-backend/.venv/lib/python3.12/site-packages/starlette/middleware/base.py", line 144, in coro
    await self.app(scope, receive_or_disconnect, send_no_error)
  File "/Users/ashokbhattarai/Desktop/Perosnal/Sairash/business-intelligence-backend/.venv/lib/python3.12/site-packages/starlette/middleware/base.py", line 193, in __call__
    response = await self.dispatch_func(request, call_next)
               ^^^^^^^^^^^^^^^^^^^^^^^^^^^^^^^^^^^^^^^^^^^^
  File "/Users/ashokbhattarai/Desktop/Perosnal/Sairash/business-intelligence-backend/app/core/audit.py", line 24, in dispatch
    response = await call_next(request)
               ^^^^^^^^^^^^^^^^^^^^^^^^
  File "/Users/ashokbhattarai/Desktop/Perosnal/Sairash/business-intelligence-backend/.venv/lib/python3.12/site-packages/starlette/middleware/base.py", line 168, in call_next
    raise app_exc from app_exc.__cause__ or app_exc.__context__
  File "/Users/ashokbhattarai/Desktop/Perosnal/Sairash/business-intelligence-backend/.venv/lib/python3.12/site-packages/starlette/middleware/base.py", line 144, in coro
    await self.app(scope, receive_or_disconnect, send_no_error)
  File "/Users/ashokbhattarai/Desktop/Perosnal/Sairash/business-intelligence-backend/.venv/lib/python3.12/site-packages/starlette/middleware/exceptions.py", line 63, in __call__
    await wrap_app_handling_exceptions(self.app, conn)(scope, receive, send)
  File "/Users/ashokbhattarai/Desktop/Perosnal/Sairash/business-intelligence-backend/.venv/lib/python3.12/site-packages/starlette/_exception_handler.py", line 53, in wrapped_app
    raise exc
  File "/Users/ashokbhattarai/Desktop/Perosnal/Sairash/business-intelligence-backend/.venv/lib/python3.12/site-packages/starlette/_exception_handler.py", line 42, in wrapped_app
    await app(scope, receive, sender)
  File "/Users/ashokbhattarai/Desktop/Perosnal/Sairash/business-intelligence-backend/.venv/lib/python3.12/site-packages/fastapi/middleware/asyncexitstack.py", line 18, in __call__
    await self.app(scope, receive, send)
  File "/Users/ashokbhattarai/Desktop/Perosnal/Sairash/business-intelligence-backend/.venv/lib/python3.12/site-packages/starlette/routing.py", line 660, in __call__
    await self.middleware_stack(scope, receive, send)
  File "/Users/ashokbhattarai/Desktop/Perosnal/Sairash/business-intelligence-backend/.venv/lib/python3.12/site-packages/fastapi/routing.py", line 2683, in app
    await route.handle(scope, receive, send)
  File "/Users/ashokbhattarai/Desktop/Perosnal/Sairash/business-intelligence-backend/.venv/lib/python3.12/site-packages/fastapi/routing.py", line 1753, in handle
    await self.original_router.handle(scope, receive, send)
  File "/Users/ashokbhattarai/Desktop/Perosnal/Sairash/business-intelligence-backend/.venv/lib/python3.12/site-packages/fastapi/routing.py", line 2738, in handle
    await included_router._handle_selected(scope, receive, send)
  File "/Users/ashokbhattarai/Desktop/Perosnal/Sairash/business-intelligence-backend/.venv/lib/python3.12/site-packages/fastapi/routing.py", line 1764, in _handle_selected
    await route.handle(scope, receive, send)
  File "/Users/ashokbhattarai/Desktop/Perosnal/Sairash/business-intelligence-backend/.venv/lib/python3.12/site-packages/fastapi/routing.py", line 1753, in handle
    await self.original_router.handle(scope, receive, send)
  File "/Users/ashokbhattarai/Desktop/Perosnal/Sairash/business-intelligence-backend/.venv/lib/python3.12/site-packages/fastapi/routing.py", line 2738, in handle
    await included_router._handle_selected(scope, receive, send)
  File "/Users/ashokbhattarai/Desktop/Perosnal/Sairash/business-intelligence-backend/.venv/lib/python3.12/site-packages/fastapi/routing.py", line 1773, in _handle_selected
    await original_route.handle(scope, receive, send)
  File "/Users/ashokbhattarai/Desktop/Perosnal/Sairash/business-intelligence-backend/.venv/lib/python3.12/site-packages/fastapi/routing.py", line 1264, in handle
    await app(scope, receive, send)
  File "/Users/ashokbhattarai/Desktop/Perosnal/Sairash/business-intelligence-backend/.venv/lib/python3.12/site-packages/fastapi/routing.py", line 150, in app
    await wrap_app_handling_exceptions(app, request)(scope, receive, send)
  File "/Users/ashokbhattarai/Desktop/Perosnal/Sairash/business-intelligence-backend/.venv/lib/python3.12/site-packages/starlette/_exception_handler.py", line 53, in wrapped_app
    raise exc
  File "/Users/ashokbhattarai/Desktop/Perosnal/Sairash/business-intelligence-backend/.venv/lib/python3.12/site-packages/starlette/_exception_handler.py", line 42, in wrapped_app
    await app(scope, receive, sender)
  File "/Users/ashokbhattarai/Desktop/Perosnal/Sairash/business-intelligence-backend/.venv/lib/python3.12/site-packages/fastapi/routing.py", line 136, in app
    response = await f(request)
               ^^^^^^^^^^^^^^^^
  File "/Users/ashokbhattarai/Desktop/Perosnal/Sairash/business-intelligence-backend/.venv/lib/python3.12/site-packages/fastapi/routing.py", line 690, in app
    raw_response = await run_endpoint_function(
                   ^^^^^^^^^^^^^^^^^^^^^^^^^^^^
  File "/Users/ashokbhattarai/Desktop/Perosnal/Sairash/business-intelligence-backend/.venv/lib/python3.12/site-packages/fastapi/routing.py", line 344, in run_endpoint_function
    return await dependant.call(**values)
           ^^^^^^^^^^^^^^^^^^^^^^^^^^^^^^
  File "/Users/ashokbhattarai/Desktop/Perosnal/Sairash/business-intelligence-backend/app/api/v1/uploads.py", line 68, in upload_file
    upload = RawUpload(
             ^^^^^^^^^^
  File "<string>", line 4, in __init__
  File "/Users/ashokbhattarai/Desktop/Perosnal/Sairash/business-intelligence-backend/.venv/lib/python3.12/site-packages/sqlalchemy/orm/state.py", line 596, in _initialize_instance
    with util.safe_reraise():
         ^^^^^^^^^^^^^^^^^^^
  File "/Users/ashokbhattarai/Desktop/Perosnal/Sairash/business-intelligence-backend/.venv/lib/python3.12/site-packages/sqlalchemy/util/langhelpers.py", line 122, in __exit__
    raise exc_value.with_traceback(exc_tb)
  File "/Users/ashokbhattarai/Desktop/Perosnal/Sairash/business-intelligence-backend/.venv/lib/python3.12/site-packages/sqlalchemy/orm/state.py", line 594, in _initialize_instance
    manager.original_init(*mixed[1:], **kwargs)
  File "/Users/ashokbhattarai/Desktop/Perosnal/Sairash/business-intelligence-backend/.venv/lib/python3.12/site-packages/sqlalchemy/orm/decl_base.py", line 2179, in _declarative_constructor
    raise TypeError(
TypeError: 'org_id' is an invalid keyword argument for RawUpload
{"ts": "2026-08-09T11:27:49.450+00:00", "level": "INFO", "logger": "uvicorn.access", "message": "127.0.0.1:64855 - \"POST /api/v1/uploads HTTP/1.1\" 500"}
ERROR:    Exception in ASGI application
  + Exception Group Traceback (most recent call last):
  |   File "/Users/ashokbhattarai/Desktop/Perosnal/Sairash/business-intelligence-backend/.venv/lib/python3.12/site-packages/starlette/_utils.py", line 85, in create_collapsing_task_group
  |     async with anyio.create_task_group() as tg:
  |                ^^^^^^^^^^^^^^^^^^^^^^^^^
  |   File "/Users/ashokbhattarai/Desktop/Perosnal/Sairash/business-intelligence-backend/.venv/lib/python3.12/site-packages/anyio/_backends/_asyncio.py", line 811, in __aexit__
  |     raise BaseExceptionGroup(
  | ExceptionGroup: unhandled errors in a TaskGroup (1 sub-exception)
  +-+---------------- 1 ----------------
    | Traceback (most recent call last):
    |   File "/Users/ashokbhattarai/Desktop/Perosnal/Sairash/business-intelligence-backend/.venv/lib/python3.12/site-packages/uvicorn/protocols/http/httptools_impl.py", line 421, in run_asgi
    |     result = await app(  # type: ignore[func-returns-value]
    |              ^^^^^^^^^^^^^^^^^^^^^^^^^^^^^^^^^^^^^^^^^^^^^^
    |   File "/Users/ashokbhattarai/Desktop/Perosnal/Sairash/business-intelligence-backend/.venv/lib/python3.12/site-packages/uvicorn/middleware/proxy_headers.py", line 62, in __call__
    |     return await self.app(scope, receive, send)
    |            ^^^^^^^^^^^^^^^^^^^^^^^^^^^^^^^^^^^^
    |   File "/Users/ashokbhattarai/Desktop/Perosnal/Sairash/business-intelligence-backend/.venv/lib/python3.12/site-packages/fastapi/applications.py", line 1163, in __call__
    |     await super().__call__(scope, receive, send)
    |   File "/Users/ashokbhattarai/Desktop/Perosnal/Sairash/business-intelligence-backend/.venv/lib/python3.12/site-packages/starlette/applications.py", line 90, in __call__
    |     await self.middleware_stack(scope, receive, send)
    |   File "/Users/ashokbhattarai/Desktop/Perosnal/Sairash/business-intelligence-backend/.venv/lib/python3.12/site-packages/starlette/middleware/errors.py", line 186, in __call__
    |     raise exc
    |   File "/Users/ashokbhattarai/Desktop/Perosnal/Sairash/business-intelligence-backend/.venv/lib/python3.12/site-packages/starlette/middleware/errors.py", line 164, in __call__
    |     await self.app(scope, receive, _send)
    |   File "/Users/ashokbhattarai/Desktop/Perosnal/Sairash/business-intelligence-backend/.venv/lib/python3.12/site-packages/starlette/middleware/cors.py", line 88, in __call__
    |     await self.app(scope, receive, send)
    |   File "/Users/ashokbhattarai/Desktop/Perosnal/Sairash/business-intelligence-backend/.venv/lib/python3.12/site-packages/starlette/middleware/base.py", line 193, in __call__
    |     response = await self.dispatch_func(request, call_next)
    |                ^^^^^^^^^^^^^^^^^^^^^^^^^^^^^^^^^^^^^^^^^^^^
    |   File "/Users/ashokbhattarai/Desktop/Perosnal/Sairash/business-intelligence-backend/app/core/hardening.py", line 83, in dispatch
    |     response = await call_next(request)
    |                ^^^^^^^^^^^^^^^^^^^^^^^^
    |   File "/Users/ashokbhattarai/Desktop/Perosnal/Sairash/business-intelligence-backend/.venv/lib/python3.12/site-packages/starlette/middleware/base.py", line 168, in call_next
    |     raise app_exc from app_exc.__cause__ or app_exc.__context__
    |   File "/Users/ashokbhattarai/Desktop/Perosnal/Sairash/business-intelligence-backend/.venv/lib/python3.12/site-packages/starlette/middleware/base.py", line 144, in coro
    |     await self.app(scope, receive_or_disconnect, send_no_error)
    |   File "/Users/ashokbhattarai/Desktop/Perosnal/Sairash/business-intelligence-backend/.venv/lib/python3.12/site-packages/starlette/middleware/base.py", line 193, in __call__
    |     response = await self.dispatch_func(request, call_next)
    |                ^^^^^^^^^^^^^^^^^^^^^^^^^^^^^^^^^^^^^^^^^^^^
    |   File "/Users/ashokbhattarai/Desktop/Perosnal/Sairash/business-intelligence-backend/app/core/hardening.py", line 28, in dispatch
    |     response = await call_next(request)
    |                ^^^^^^^^^^^^^^^^^^^^^^^^
    |   File "/Users/ashokbhattarai/Desktop/Perosnal/Sairash/business-intelligence-backend/.venv/lib/python3.12/site-packages/starlette/middleware/base.py", line 168, in call_next
    |     raise app_exc from app_exc.__cause__ or app_exc.__context__
    |   File "/Users/ashokbhattarai/Desktop/Perosnal/Sairash/business-intelligence-backend/.venv/lib/python3.12/site-packages/starlette/middleware/base.py", line 144, in coro
    |     await self.app(scope, receive_or_disconnect, send_no_error)
    |   File "/Users/ashokbhattarai/Desktop/Perosnal/Sairash/business-intelligence-backend/.venv/lib/python3.12/site-packages/starlette/middleware/base.py", line 193, in __call__
    |     response = await self.dispatch_func(request, call_next)
    |                ^^^^^^^^^^^^^^^^^^^^^^^^^^^^^^^^^^^^^^^^^^^^
    |   File "/Users/ashokbhattarai/Desktop/Perosnal/Sairash/business-intelligence-backend/app/core/audit.py", line 24, in dispatch
    |     response = await call_next(request)
    |                ^^^^^^^^^^^^^^^^^^^^^^^^
    |   File "/Users/ashokbhattarai/Desktop/Perosnal/Sairash/business-intelligence-backend/.venv/lib/python3.12/site-packages/starlette/middleware/base.py", line 168, in call_next
    |     raise app_exc from app_exc.__cause__ or app_exc.__context__
    |   File "/Users/ashokbhattarai/Desktop/Perosnal/Sairash/business-intelligence-backend/.venv/lib/python3.12/site-packages/starlette/middleware/base.py", line 144, in coro
    |     await self.app(scope, receive_or_disconnect, send_no_error)
    |   File "/Users/ashokbhattarai/Desktop/Perosnal/Sairash/business-intelligence-backend/.venv/lib/python3.12/site-packages/starlette/middleware/exceptions.py", line 63, in __call__
    |     await wrap_app_handling_exceptions(self.app, conn)(scope, receive, send)
    |   File "/Users/ashokbhattarai/Desktop/Perosnal/Sairash/business-intelligence-backend/.venv/lib/python3.12/site-packages/starlette/_exception_handler.py", line 53, in wrapped_app
    |     raise exc
    |   File "/Users/ashokbhattarai/Desktop/Perosnal/Sairash/business-intelligence-backend/.venv/lib/python3.12/site-packages/starlette/_exception_handler.py", line 42, in wrapped_app
    |     await app(scope, receive, sender)
    |   File "/Users/ashokbhattarai/Desktop/Perosnal/Sairash/business-intelligence-backend/.venv/lib/python3.12/site-packages/fastapi/middleware/asyncexitstack.py", line 18, in __call__
    |     await self.app(scope, receive, send)
    |   File "/Users/ashokbhattarai/Desktop/Perosnal/Sairash/business-intelligence-backend/.venv/lib/python3.12/site-packages/starlette/routing.py", line 660, in __call__
    |     await self.middleware_stack(scope, receive, send)
    |   File "/Users/ashokbhattarai/Desktop/Perosnal/Sairash/business-intelligence-backend/.venv/lib/python3.12/site-packages/fastapi/routing.py", line 2683, in app
    |     await route.handle(scope, receive, send)
    |   File "/Users/ashokbhattarai/Desktop/Perosnal/Sairash/business-intelligence-backend/.venv/lib/python3.12/site-packages/fastapi/routing.py", line 1753, in handle
    |     await self.original_router.handle(scope, receive, send)
    |   File "/Users/ashokbhattarai/Desktop/Perosnal/Sairash/business-intelligence-backend/.venv/lib/python3.12/site-packages/fastapi/routing.py", line 2738, in handle
    |     await included_router._handle_selected(scope, receive, send)
    |   File "/Users/ashokbhattarai/Desktop/Perosnal/Sairash/business-intelligence-backend/.venv/lib/python3.12/site-packages/fastapi/routing.py", line 1764, in _handle_selected
    |     await route.handle(scope, receive, send)
    |   File "/Users/ashokbhattarai/Desktop/Perosnal/Sairash/business-intelligence-backend/.venv/lib/python3.12/site-packages/fastapi/routing.py", line 1753, in handle
    |     await self.original_router.handle(scope, receive, send)
    |   File "/Users/ashokbhattarai/Desktop/Perosnal/Sairash/business-intelligence-backend/.venv/lib/python3.12/site-packages/fastapi/routing.py", line 2738, in handle
    |     await included_router._handle_selected(scope, receive, send)
    |   File "/Users/ashokbhattarai/Desktop/Perosnal/Sairash/business-intelligence-backend/.venv/lib/python3.12/site-packages/fastapi/routing.py", line 1773, in _handle_selected
    |     await original_route.handle(scope, receive, send)
    |   File "/Users/ashokbhattarai/Desktop/Perosnal/Sairash/business-intelligence-backend/.venv/lib/python3.12/site-packages/fastapi/routing.py", line 1264, in handle
    |     await app(scope, receive, send)
    |   File "/Users/ashokbhattarai/Desktop/Perosnal/Sairash/business-intelligence-backend/.venv/lib/python3.12/site-packages/fastapi/routing.py", line 150, in app
    |     await wrap_app_handling_exceptions(app, request)(scope, receive, send)
    |   File "/Users/ashokbhattarai/Desktop/Perosnal/Sairash/business-intelligence-backend/.venv/lib/python3.12/site-packages/starlette/_exception_handler.py", line 53, in wrapped_app
    |     raise exc
    |   File "/Users/ashokbhattarai/Desktop/Perosnal/Sairash/business-intelligence-backend/.venv/lib/python3.12/site-packages/starlette/_exception_handler.py", line 42, in wrapped_app
    |     await app(scope, receive, sender)
    |   File "/Users/ashokbhattarai/Desktop/Perosnal/Sairash/business-intelligence-backend/.venv/lib/python3.12/site-packages/fastapi/routing.py", line 136, in app
    |     response = await f(request)
    |                ^^^^^^^^^^^^^^^^
    |   File "/Users/ashokbhattarai/Desktop/Perosnal/Sairash/business-intelligence-backend/.venv/lib/python3.12/site-packages/fastapi/routing.py", line 690, in app
    |     raw_response = await run_endpoint_function(
    |                    ^^^^^^^^^^^^^^^^^^^^^^^^^^^^
    |   File "/Users/ashokbhattarai/Desktop/Perosnal/Sairash/business-intelligence-backend/.venv/lib/python3.12/site-packages/fastapi/routing.py", line 344, in run_endpoint_function
    |     return await dependant.call(**values)
    |            ^^^^^^^^^^^^^^^^^^^^^^^^^^^^^^
    |   File "/Users/ashokbhattarai/Desktop/Perosnal/Sairash/business-intelligence-backend/app/api/v1/uploads.py", line 68, in upload_file
    |     upload = RawUpload(
    |              ^^^^^^^^^^
    |   File "<string>", line 4, in __init__
    |   File "/Users/ashokbhattarai/Desktop/Perosnal/Sairash/business-intelligence-backend/.venv/lib/python3.12/site-packages/sqlalchemy/orm/state.py", line 596, in _initialize_instance
    |     with util.safe_reraise():
    |          ^^^^^^^^^^^^^^^^^^^
    |   File "/Users/ashokbhattarai/Desktop/Perosnal/Sairash/business-intelligence-backend/.venv/lib/python3.12/site-packages/sqlalchemy/util/langhelpers.py", line 122, in __exit__
    |     raise exc_value.with_traceback(exc_tb)
    |   File "/Users/ashokbhattarai/Desktop/Perosnal/Sairash/business-intelligence-backend/.venv/lib/python3.12/site-packages/sqlalchemy/orm/state.py", line 594, in _initialize_instance
    |     manager.original_init(*mixed[1:], **kwargs)
    |   File "/Users/ashokbhattarai/Desktop/Perosnal/Sairash/business-intelligence-backend/.venv/lib/python3.12/site-packages/sqlalchemy/orm/decl_base.py", line 2179, in _declarative_constructor
    |     raise TypeError(
    | TypeError: 'org_id' is an invalid keyword argument for RawUpload
    +------------------------------------

The above exception was the direct cause of the following exception:

Traceback (most recent call last):
  File "/Users/ashokbhattarai/Desktop/Perosnal/Sairash/business-intelligence-backend/.venv/lib/python3.12/site-packages/uvicorn/protocols/http/httptools_impl.py", line 421, in run_asgi
    result = await app(  # type: ignore[func-returns-value]
             ^^^^^^^^^^^^^^^^^^^^^^^^^^^^^^^^^^^^^^^^^^^^^^
  File "/Users/ashokbhattarai/Desktop/Perosnal/Sairash/business-intelligence-backend/.venv/lib/python3.12/site-packages/uvicorn/middleware/proxy_headers.py", line 62, in __call__
    return await self.app(scope, receive, send)
           ^^^^^^^^^^^^^^^^^^^^^^^^^^^^^^^^^^^^
  File "/Users/ashokbhattarai/Desktop/Perosnal/Sairash/business-intelligence-backend/.venv/lib/python3.12/site-packages/fastapi/applications.py", line 1163, in __call__
    await super().__call__(scope, receive, send)
  File "/Users/ashokbhattarai/Desktop/Perosnal/Sairash/business-intelligence-backend/.venv/lib/python3.12/site-packages/starlette/applications.py", line 90, in __call__
    await self.middleware_stack(scope, receive, send)
  File "/Users/ashokbhattarai/Desktop/Perosnal/Sairash/business-intelligence-backend/.venv/lib/python3.12/site-packages/starlette/middleware/errors.py", line 186, in __call__
    raise exc
  File "/Users/ashokbhattarai/Desktop/Perosnal/Sairash/business-intelligence-backend/.venv/lib/python3.12/site-packages/starlette/middleware/errors.py", line 164, in __call__
    await self.app(scope, receive, _send)
  File "/Users/ashokbhattarai/Desktop/Perosnal/Sairash/business-intelligence-backend/.venv/lib/python3.12/site-packages/starlette/middleware/cors.py", line 88, in __call__
    await self.app(scope, receive, send)
  File "/Users/ashokbhattarai/Desktop/Perosnal/Sairash/business-intelligence-backend/.venv/lib/python3.12/site-packages/starlette/middleware/base.py", line 193, in __call__
    response = await self.dispatch_func(request, call_next)
               ^^^^^^^^^^^^^^^^^^^^^^^^^^^^^^^^^^^^^^^^^^^^
  File "/Users/ashokbhattarai/Desktop/Perosnal/Sairash/business-intelligence-backend/app/core/hardening.py", line 83, in dispatch
    response = await call_next(request)
               ^^^^^^^^^^^^^^^^^^^^^^^^
  File "/Users/ashokbhattarai/Desktop/Perosnal/Sairash/business-intelligence-backend/.venv/lib/python3.12/site-packages/starlette/middleware/base.py", line 168, in call_next
    raise app_exc from app_exc.__cause__ or app_exc.__context__
  File "/Users/ashokbhattarai/Desktop/Perosnal/Sairash/business-intelligence-backend/.venv/lib/python3.12/site-packages/starlette/middleware/base.py", line 144, in coro
    await self.app(scope, receive_or_disconnect, send_no_error)
  File "/Users/ashokbhattarai/Desktop/Perosnal/Sairash/business-intelligence-backend/.venv/lib/python3.12/site-packages/starlette/middleware/base.py", line 193, in __call__
    response = await self.dispatch_func(request, call_next)
               ^^^^^^^^^^^^^^^^^^^^^^^^^^^^^^^^^^^^^^^^^^^^
  File "/Users/ashokbhattarai/Desktop/Perosnal/Sairash/business-intelligence-backend/app/core/hardening.py", line 28, in dispatch
    response = await call_next(request)
               ^^^^^^^^^^^^^^^^^^^^^^^^
  File "/Users/ashokbhattarai/Desktop/Perosnal/Sairash/business-intelligence-backend/.venv/lib/python3.12/site-packages/starlette/middleware/base.py", line 168, in call_next
    raise app_exc from app_exc.__cause__ or app_exc.__context__
  File "/Users/ashokbhattarai/Desktop/Perosnal/Sairash/business-intelligence-backend/.venv/lib/python3.12/site-packages/starlette/middleware/base.py", line 144, in coro
    await self.app(scope, receive_or_disconnect, send_no_error)
  File "/Users/ashokbhattarai/Desktop/Perosnal/Sairash/business-intelligence-backend/.venv/lib/python3.12/site-packages/starlette/middleware/base.py", line 193, in __call__
    response = await self.dispatch_func(request, call_next)
               ^^^^^^^^^^^^^^^^^^^^^^^^^^^^^^^^^^^^^^^^^^^^
  File "/Users/ashokbhattarai/Desktop/Perosnal/Sairash/business-intelligence-backend/app/core/audit.py", line 24, in dispatch
    response = await call_next(request)
               ^^^^^^^^^^^^^^^^^^^^^^^^
  File "/Users/ashokbhattarai/Desktop/Perosnal/Sairash/business-intelligence-backend/.venv/lib/python3.12/site-packages/starlette/middleware/base.py", line 168, in call_next
    raise app_exc from app_exc.__cause__ or app_exc.__context__
  File "/Users/ashokbhattarai/Desktop/Perosnal/Sairash/business-intelligence-backend/.venv/lib/python3.12/site-packages/starlette/middleware/base.py", line 144, in coro
    await self.app(scope, receive_or_disconnect, send_no_error)
  File "/Users/ashokbhattarai/Desktop/Perosnal/Sairash/business-intelligence-backend/.venv/lib/python3.12/site-packages/starlette/middleware/exceptions.py", line 63, in __call__
    await wrap_app_handling_exceptions(self.app, conn)(scope, receive, send)
  File "/Users/ashokbhattarai/Desktop/Perosnal/Sairash/business-intelligence-backend/.venv/lib/python3.12/site-packages/starlette/_exception_handler.py", line 53, in wrapped_app
    raise exc
  File "/Users/ashokbhattarai/Desktop/Perosnal/Sairash/business-intelligence-backend/.venv/lib/python3.12/site-packages/starlette/_exception_handler.py", line 42, in wrapped_app
    await app(scope, receive, sender)
  File "/Users/ashokbhattarai/Desktop/Perosnal/Sairash/business-intelligence-backend/.venv/lib/python3.12/site-packages/fastapi/middleware/asyncexitstack.py", line 18, in __call__
    await self.app(scope, receive, send)
  File "/Users/ashokbhattarai/Desktop/Perosnal/Sairash/business-intelligence-backend/.venv/lib/python3.12/site-packages/starlette/routing.py", line 660, in __call__
    await self.middleware_stack(scope, receive, send)
  File "/Users/ashokbhattarai/Desktop/Perosnal/Sairash/business-intelligence-backend/.venv/lib/python3.12/site-packages/fastapi/routing.py", line 2683, in app
    await route.handle(scope, receive, send)
  File "/Users/ashokbhattarai/Desktop/Perosnal/Sairash/business-intelligence-backend/.venv/lib/python3.12/site-packages/fastapi/routing.py", line 1753, in handle
    await self.original_router.handle(scope, receive, send)
  File "/Users/ashokbhattarai/Desktop/Perosnal/Sairash/business-intelligence-backend/.venv/lib/python3.12/site-packages/fastapi/routing.py", line 2738, in handle
    await included_router._handle_selected(scope, receive, send)
  File "/Users/ashokbhattarai/Desktop/Perosnal/Sairash/business-intelligence-backend/.venv/lib/python3.12/site-packages/fastapi/routing.py", line 1764, in _handle_selected
    await route.handle(scope, receive, send)
  File "/Users/ashokbhattarai/Desktop/Perosnal/Sairash/business-intelligence-backend/.venv/lib/python3.12/site-packages/fastapi/routing.py", line 1753, in handle
    await self.original_router.handle(scope, receive, send)
  File "/Users/ashokbhattarai/Desktop/Perosnal/Sairash/business-intelligence-backend/.venv/lib/python3.12/site-packages/fastapi/routing.py", line 2738, in handle
    await included_router._handle_selected(scope, receive, send)
  File "/Users/ashokbhattarai/Desktop/Perosnal/Sairash/business-intelligence-backend/.venv/lib/python3.12/site-packages/fastapi/routing.py", line 1773, in _handle_selected
    await original_route.handle(scope, receive, send)
  File "/Users/ashokbhattarai/Desktop/Perosnal/Sairash/business-intelligence-backend/.venv/lib/python3.12/site-packages/fastapi/routing.py", line 1264, in handle
    await app(scope, receive, send)
  File "/Users/ashokbhattarai/Desktop/Perosnal/Sairash/business-intelligence-backend/.venv/lib/python3.12/site-packages/fastapi/routing.py", line 150, in app
    await wrap_app_handling_exceptions(app, request)(scope, receive, send)
  File "/Users/ashokbhattarai/Desktop/Perosnal/Sairash/business-intelligence-backend/.venv/lib/python3.12/site-packages/starlette/_exception_handler.py", line 53, in wrapped_app
    raise exc
  File "/Users/ashokbhattarai/Desktop/Perosnal/Sairash/business-intelligence-backend/.venv/lib/python3.12/site-packages/starlette/_exception_handler.py", line 42, in wrapped_app
    await app(scope, receive, sender)
  File "/Users/ashokbhattarai/Desktop/Perosnal/Sairash/business-intelligence-backend/.venv/lib/python3.12/site-packages/fastapi/routing.py", line 136, in app
    response = await f(request)
               ^^^^^^^^^^^^^^^^
  File "/Users/ashokbhattarai/Desktop/Perosnal/Sairash/business-intelligence-backend/.venv/lib/python3.12/site-packages/fastapi/routing.py", line 690, in app
    raw_response = await run_endpoint_function(
                   ^^^^^^^^^^^^^^^^^^^^^^^^^^^^
  File "/Users/ashokbhattarai/Desktop/Perosnal/Sairash/business-intelligence-backend/.venv/lib/python3.12/site-packages/fastapi/routing.py", line 344, in run_endpoint_function
    return await dependant.call(**values)
           ^^^^^^^^^^^^^^^^^^^^^^^^^^^^^^
  File "/Users/ashokbhattarai/Desktop/Perosnal/Sairash/business-intelligence-backend/app/api/v1/uploads.py", line 68, in upload_file
    upload = RawUpload(
             ^^^^^^^^^^
  File "<string>", line 4, in __init__
  File "/Users/ashokbhattarai/Desktop/Perosnal/Sairash/business-intelligence-backend/.venv/lib/python3.12/site-packages/sqlalchemy/orm/state.py", line 596, in _initialize_instance
    with util.safe_reraise():
         ^^^^^^^^^^^^^^^^^^^
  File "/Users/ashokbhattarai/Desktop/Perosnal/Sairash/business-intelligence-backend/.venv/lib/python3.12/site-packages/sqlalchemy/util/langhelpers.py", line 122, in __exit__
    raise exc_value.with_traceback(exc_tb)
  File "/Users/ashokbhattarai/Desktop/Perosnal/Sairash/business-intelligence-backend/.venv/lib/python3.12/site-packages/sqlalchemy/orm/state.py", line 594, in _initialize_instance
    manager.original_init(*mixed[1:], **kwargs)
  File "/Users/ashokbhattarai/Desktop/Perosnal/Sairash/business-intelligence-backend/.venv/lib/python3.12/site-packages/sqlalchemy/orm/decl_base.py", line 2179, in _declarative_constructor
    raise TypeError(
TypeError: 'org_id' is an invalid keyword argument for RawUpload
INFO:     Shutting down
INFO:     Waiting for application shutdown.
{"ts": "2026-08-09T11:28:21.035+00:00", "level": "INFO", "logger": "apscheduler.scheduler", "message": "Scheduler has been shut down"}
INFO:     Application shutdown complete.
INFO:     Finished server process [98945]
INFO:     Stopping reloader process [98772]
